Archive member included because of file (symbol)

/usr/lib/gcc/avr/4.8.2/avr4/libgcc.a(_exit.o)
                              /usr/lib/gcc/avr/4.8.2/../../../avr/lib/avr4/crtm8.o (exit)
/usr/lib/gcc/avr/4.8.2/avr4/libgcc.a(_copy_data.o)
                              ./action.o (__do_copy_data)
/usr/lib/gcc/avr/4.8.2/avr4/libgcc.a(_clear_bss.o)
                              ./UART.o (__do_clear_bss)
/usr/lib/gcc/avr/4.8.2/../../../avr/lib/avr4/libm.a(addsf3.o)
                              ./UART.o (__subsf3)
/usr/lib/gcc/avr/4.8.2/../../../avr/lib/avr4/libm.a(addsf3x.o)
                              /usr/lib/gcc/avr/4.8.2/../../../avr/lib/avr4/libm.a(addsf3.o) (__addsf3x)
/usr/lib/gcc/avr/4.8.2/../../../avr/lib/avr4/libm.a(cmpsf2.o)
                              ./action.o (__ltsf2)
/usr/lib/gcc/avr/4.8.2/../../../avr/lib/avr4/libm.a(divsf3.o)
                              ./UART.o (__divsf3)
/usr/lib/gcc/avr/4.8.2/../../../avr/lib/avr4/libm.a(divsf3x.o)
                              /usr/lib/gcc/avr/4.8.2/../../../avr/lib/avr4/libm.a(divsf3.o) (__divsf3x)
/usr/lib/gcc/avr/4.8.2/../../../avr/lib/avr4/libm.a(fixunssfsi.o)
                              ./UART.o (__fixunssfsi)
/usr/lib/gcc/avr/4.8.2/../../../avr/lib/avr4/libm.a(floatsisf.o)
                              ./UART.o (__floatunsisf)
/usr/lib/gcc/avr/4.8.2/../../../avr/lib/avr4/libm.a(fp_cmp.o)
                              /usr/lib/gcc/avr/4.8.2/../../../avr/lib/avr4/libm.a(cmpsf2.o) (__fp_cmp)
/usr/lib/gcc/avr/4.8.2/../../../avr/lib/avr4/libm.a(fp_inf.o)
                              /usr/lib/gcc/avr/4.8.2/../../../avr/lib/avr4/libm.a(addsf3x.o) (__fp_inf)
/usr/lib/gcc/avr/4.8.2/../../../avr/lib/avr4/libm.a(fp_nan.o)
                              /usr/lib/gcc/avr/4.8.2/../../../avr/lib/avr4/libm.a(addsf3x.o) (__fp_nan)
/usr/lib/gcc/avr/4.8.2/../../../avr/lib/avr4/libm.a(fp_pscA.o)
                              /usr/lib/gcc/avr/4.8.2/../../../avr/lib/avr4/libm.a(addsf3x.o) (__fp_pscA)
/usr/lib/gcc/avr/4.8.2/../../../avr/lib/avr4/libm.a(fp_pscB.o)
                              /usr/lib/gcc/avr/4.8.2/../../../avr/lib/avr4/libm.a(addsf3x.o) (__fp_pscB)
/usr/lib/gcc/avr/4.8.2/../../../avr/lib/avr4/libm.a(fp_round.o)
                              /usr/lib/gcc/avr/4.8.2/../../../avr/lib/avr4/libm.a(addsf3.o) (__fp_round)
/usr/lib/gcc/avr/4.8.2/../../../avr/lib/avr4/libm.a(fp_split3.o)
                              /usr/lib/gcc/avr/4.8.2/../../../avr/lib/avr4/libm.a(addsf3x.o) (__fp_split3)
/usr/lib/gcc/avr/4.8.2/../../../avr/lib/avr4/libm.a(fp_zero.o)
                              /usr/lib/gcc/avr/4.8.2/../../../avr/lib/avr4/libm.a(addsf3x.o) (__fp_zero)
/usr/lib/gcc/avr/4.8.2/../../../avr/lib/avr4/libm.a(gesf2.o)
                              ./action.o (__gtsf2)
/usr/lib/gcc/avr/4.8.2/../../../avr/lib/avr4/libm.a(mulsf3.o)
                              ./UART.o (__mulsf3)
/usr/lib/gcc/avr/4.8.2/../../../avr/lib/avr4/libm.a(mulsf3x.o)
                              /usr/lib/gcc/avr/4.8.2/../../../avr/lib/avr4/libm.a(mulsf3.o) (__mulsf3x)

Allocating common symbols
Common symbol       size              file

temp                0x1               ./UART.o

Memory Configuration

Name             Origin             Length             Attributes
text             0x0000000000000000 0x0000000000002000 xr
data             0x0000000000800060 0x000000000000ffa0 rw !x
eeprom           0x0000000000810000 0x0000000000010000 rw !x
fuse             0x0000000000820000 0x0000000000000400 rw !x
lock             0x0000000000830000 0x0000000000000400 rw !x
signature        0x0000000000840000 0x0000000000000400 rw !x
user_signatures  0x0000000000850000 0x0000000000000400 rw !x
*default*        0x0000000000000000 0xffffffffffffffff

Linker script and memory map

LOAD /usr/lib/gcc/avr/4.8.2/../../../avr/lib/avr4/crtm8.o
LOAD ./UART.o
LOAD ./action.o
LOAD ./main.o
LOAD ./timers.o
START GROUP
LOAD /usr/lib/gcc/avr/4.8.2/avr4/libgcc.a
LOAD /usr/lib/gcc/avr/4.8.2/../../../avr/lib/avr4/libm.a
LOAD /usr/lib/gcc/avr/4.8.2/../../../avr/lib/avr4/libc.a
END GROUP

.hash
 *(.hash)

.dynsym
 *(.dynsym)

.dynstr
 *(.dynstr)

.gnu.version
 *(.gnu.version)

.gnu.version_d
 *(.gnu.version_d)

.gnu.version_r
 *(.gnu.version_r)

.rel.init
 *(.rel.init)

.rela.init
 *(.rela.init)

.rel.text
 *(.rel.text)
 *(.rel.text.*)
 *(.rel.gnu.linkonce.t*)

.rela.text
 *(.rela.text)
 *(.rela.text.*)
 *(.rela.gnu.linkonce.t*)

.rel.fini
 *(.rel.fini)

.rela.fini
 *(.rela.fini)

.rel.rodata
 *(.rel.rodata)
 *(.rel.rodata.*)
 *(.rel.gnu.linkonce.r*)

.rela.rodata
 *(.rela.rodata)
 *(.rela.rodata.*)
 *(.rela.gnu.linkonce.r*)

.rel.data
 *(.rel.data)
 *(.rel.data.*)
 *(.rel.gnu.linkonce.d*)

.rela.data
 *(.rela.data)
 *(.rela.data.*)
 *(.rela.gnu.linkonce.d*)

.rel.ctors
 *(.rel.ctors)

.rela.ctors
 *(.rela.ctors)

.rel.dtors
 *(.rel.dtors)

.rela.dtors
 *(.rela.dtors)

.rel.got
 *(.rel.got)

.rela.got
 *(.rela.got)

.rel.bss
 *(.rel.bss)

.rela.bss
 *(.rela.bss)

.rel.plt
 *(.rel.plt)

.rela.plt
 *(.rela.plt)

.text           0x0000000000000000      0xa42
 *(.vectors)
 .vectors       0x0000000000000000       0x26 /usr/lib/gcc/avr/4.8.2/../../../avr/lib/avr4/crtm8.o
                0x0000000000000000                __vectors
                0x0000000000000000                __vector_default
 *(.vectors)
 *(.progmem.gcc*)
 *(.progmem*)
                0x0000000000000026                . = ALIGN (0x2)
                0x0000000000000026                __trampolines_start = .
 *(.trampolines)
 .trampolines   0x0000000000000026        0x0 linker stubs
 *(.trampolines*)
                0x0000000000000026                __trampolines_end = .
 *(.jumptables)
 *(.jumptables*)
 *(.lowtext)
 *(.lowtext*)
                0x0000000000000026                __ctors_start = .
 *(.ctors)
                0x0000000000000026                __ctors_end = .
                0x0000000000000026                __dtors_start = .
 *(.dtors)
                0x0000000000000026                __dtors_end = .
 SORT(*)(.ctors)
 SORT(*)(.dtors)
 *(.init0)
 .init0         0x0000000000000026        0x0 /usr/lib/gcc/avr/4.8.2/../../../avr/lib/avr4/crtm8.o
                0x0000000000000026                __init
 *(.init0)
 *(.init1)
 *(.init1)
 *(.init2)
 .init2         0x0000000000000026        0xc /usr/lib/gcc/avr/4.8.2/../../../avr/lib/avr4/crtm8.o
 *(.init2)
 *(.init3)
 *(.init3)
 *(.init4)
 .init4         0x0000000000000032       0x16 /usr/lib/gcc/avr/4.8.2/avr4/libgcc.a(_copy_data.o)
                0x0000000000000032                __do_copy_data
 .init4         0x0000000000000048       0x10 /usr/lib/gcc/avr/4.8.2/avr4/libgcc.a(_clear_bss.o)
                0x0000000000000048                __do_clear_bss
 *(.init4)
 *(.init5)
 *(.init5)
 *(.init6)
 *(.init6)
 *(.init7)
 *(.init7)
 *(.init8)
 *(.init8)
 *(.init9)
 .init9         0x0000000000000058        0x4 /usr/lib/gcc/avr/4.8.2/../../../avr/lib/avr4/crtm8.o
 *(.init9)
 *(.text)
 .text          0x000000000000005c        0x2 /usr/lib/gcc/avr/4.8.2/../../../avr/lib/avr4/crtm8.o
                0x000000000000005c                __vector_1
                0x000000000000005c                __vector_12
                0x000000000000005c                __bad_interrupt
                0x000000000000005c                __vector_6
                0x000000000000005c                __vector_3
                0x000000000000005c                __vector_17
                0x000000000000005c                __vector_7
                0x000000000000005c                __vector_5
                0x000000000000005c                __vector_4
                0x000000000000005c                __vector_2
                0x000000000000005c                __vector_15
                0x000000000000005c                __vector_8
                0x000000000000005c                __vector_14
                0x000000000000005c                __vector_10
                0x000000000000005c                __vector_16
                0x000000000000005c                __vector_18
 .text          0x000000000000005e        0x0 ./UART.o
 .text          0x000000000000005e        0x0 ./action.o
 .text          0x000000000000005e        0x0 ./main.o
 .text          0x000000000000005e        0x0 ./timers.o
 .text          0x000000000000005e        0x0 /usr/lib/gcc/avr/4.8.2/avr4/libgcc.a(_exit.o)
 .text          0x000000000000005e        0x0 /usr/lib/gcc/avr/4.8.2/avr4/libgcc.a(_copy_data.o)
 .text          0x000000000000005e        0x0 /usr/lib/gcc/avr/4.8.2/avr4/libgcc.a(_clear_bss.o)
 .text          0x000000000000005e        0x0 /usr/lib/gcc/avr/4.8.2/../../../avr/lib/avr4/libm.a(addsf3.o)
 .text          0x000000000000005e        0x0 /usr/lib/gcc/avr/4.8.2/../../../avr/lib/avr4/libm.a(addsf3x.o)
 .text          0x000000000000005e        0x0 /usr/lib/gcc/avr/4.8.2/../../../avr/lib/avr4/libm.a(cmpsf2.o)
 .text          0x000000000000005e        0x0 /usr/lib/gcc/avr/4.8.2/../../../avr/lib/avr4/libm.a(divsf3.o)
 .text          0x000000000000005e        0x0 /usr/lib/gcc/avr/4.8.2/../../../avr/lib/avr4/libm.a(divsf3x.o)
 .text          0x000000000000005e        0x0 /usr/lib/gcc/avr/4.8.2/../../../avr/lib/avr4/libm.a(fixunssfsi.o)
 .text          0x000000000000005e        0x0 /usr/lib/gcc/avr/4.8.2/../../../avr/lib/avr4/libm.a(floatsisf.o)
 .text          0x000000000000005e        0x0 /usr/lib/gcc/avr/4.8.2/../../../avr/lib/avr4/libm.a(fp_cmp.o)
 .text          0x000000000000005e        0x0 /usr/lib/gcc/avr/4.8.2/../../../avr/lib/avr4/libm.a(fp_inf.o)
 .text          0x000000000000005e        0x0 /usr/lib/gcc/avr/4.8.2/../../../avr/lib/avr4/libm.a(fp_nan.o)
 .text          0x000000000000005e        0x0 /usr/lib/gcc/avr/4.8.2/../../../avr/lib/avr4/libm.a(fp_pscA.o)
 .text          0x000000000000005e        0x0 /usr/lib/gcc/avr/4.8.2/../../../avr/lib/avr4/libm.a(fp_pscB.o)
 .text          0x000000000000005e        0x0 /usr/lib/gcc/avr/4.8.2/../../../avr/lib/avr4/libm.a(fp_round.o)
 .text          0x000000000000005e        0x0 /usr/lib/gcc/avr/4.8.2/../../../avr/lib/avr4/libm.a(fp_split3.o)
 .text          0x000000000000005e        0x0 /usr/lib/gcc/avr/4.8.2/../../../avr/lib/avr4/libm.a(fp_zero.o)
 .text          0x000000000000005e        0x0 /usr/lib/gcc/avr/4.8.2/../../../avr/lib/avr4/libm.a(gesf2.o)
 .text          0x000000000000005e        0x0 /usr/lib/gcc/avr/4.8.2/../../../avr/lib/avr4/libm.a(mulsf3.o)
 .text          0x000000000000005e        0x0 /usr/lib/gcc/avr/4.8.2/../../../avr/lib/avr4/libm.a(mulsf3x.o)
                0x000000000000005e                . = ALIGN (0x2)
 *(.text.*)
 .text.initUsart
                0x000000000000005e       0xc2 ./UART.o
                0x000000000000005e                initUsart
 .text.writeUsart
                0x0000000000000120       0x6e ./UART.o
                0x0000000000000120                writeUsart
 .text.writeUsartString
                0x000000000000018e       0x50 ./UART.o
                0x000000000000018e                writeUsartString
 .text.__vector_13
                0x00000000000001de       0x78 ./UART.o
                0x00000000000001de                __vector_13
 .text.readUsart
                0x0000000000000256       0x4c ./UART.o
                0x0000000000000256                readUsart
 .text.__vector_11
                0x00000000000002a2       0x8c ./UART.o
                0x00000000000002a2                __vector_11
 .text.initProg
                0x000000000000032e      0x20a ./action.o
                0x000000000000032e                initProg
 .text.toggleSocket
                0x0000000000000538       0x3e ./action.o
                0x0000000000000538                toggleSocket
 .text.main     0x0000000000000576       0x14 ./main.o
                0x0000000000000576                main
 .text.initTimer
                0x000000000000058a       0x32 ./timers.o
                0x000000000000058a                initTimer
 .text.__vector_9
                0x00000000000005bc       0x56 ./timers.o
                0x00000000000005bc                __vector_9
 .text.libgcc.mul
                0x0000000000000612        0x0 /usr/lib/gcc/avr/4.8.2/avr4/libgcc.a(_exit.o)
 .text.libgcc.div
                0x0000000000000612        0x0 /usr/lib/gcc/avr/4.8.2/avr4/libgcc.a(_exit.o)
 .text.libgcc   0x0000000000000612        0x0 /usr/lib/gcc/avr/4.8.2/avr4/libgcc.a(_exit.o)
 .text.libgcc.prologue
                0x0000000000000612        0x0 /usr/lib/gcc/avr/4.8.2/avr4/libgcc.a(_exit.o)
 .text.libgcc.builtins
                0x0000000000000612        0x0 /usr/lib/gcc/avr/4.8.2/avr4/libgcc.a(_exit.o)
 .text.libgcc.fmul
                0x0000000000000612        0x0 /usr/lib/gcc/avr/4.8.2/avr4/libgcc.a(_exit.o)
 .text.libgcc.fixed
                0x0000000000000612        0x0 /usr/lib/gcc/avr/4.8.2/avr4/libgcc.a(_exit.o)
 .text.libgcc.mul
                0x0000000000000612        0x0 /usr/lib/gcc/avr/4.8.2/avr4/libgcc.a(_copy_data.o)
 .text.libgcc.div
                0x0000000000000612        0x0 /usr/lib/gcc/avr/4.8.2/avr4/libgcc.a(_copy_data.o)
 .text.libgcc   0x0000000000000612        0x0 /usr/lib/gcc/avr/4.8.2/avr4/libgcc.a(_copy_data.o)
 .text.libgcc.prologue
                0x0000000000000612        0x0 /usr/lib/gcc/avr/4.8.2/avr4/libgcc.a(_copy_data.o)
 .text.libgcc.builtins
                0x0000000000000612        0x0 /usr/lib/gcc/avr/4.8.2/avr4/libgcc.a(_copy_data.o)
 .text.libgcc.fmul
                0x0000000000000612        0x0 /usr/lib/gcc/avr/4.8.2/avr4/libgcc.a(_copy_data.o)
 .text.libgcc.fixed
                0x0000000000000612        0x0 /usr/lib/gcc/avr/4.8.2/avr4/libgcc.a(_copy_data.o)
 .text.libgcc.mul
                0x0000000000000612        0x0 /usr/lib/gcc/avr/4.8.2/avr4/libgcc.a(_clear_bss.o)
 .text.libgcc.div
                0x0000000000000612        0x0 /usr/lib/gcc/avr/4.8.2/avr4/libgcc.a(_clear_bss.o)
 .text.libgcc   0x0000000000000612        0x0 /usr/lib/gcc/avr/4.8.2/avr4/libgcc.a(_clear_bss.o)
 .text.libgcc.prologue
                0x0000000000000612        0x0 /usr/lib/gcc/avr/4.8.2/avr4/libgcc.a(_clear_bss.o)
 .text.libgcc.builtins
                0x0000000000000612        0x0 /usr/lib/gcc/avr/4.8.2/avr4/libgcc.a(_clear_bss.o)
 .text.libgcc.fmul
                0x0000000000000612        0x0 /usr/lib/gcc/avr/4.8.2/avr4/libgcc.a(_clear_bss.o)
 .text.libgcc.fixed
                0x0000000000000612        0x0 /usr/lib/gcc/avr/4.8.2/avr4/libgcc.a(_clear_bss.o)
 .text.avr-libc.fplib
                0x0000000000000612        0xa /usr/lib/gcc/avr/4.8.2/../../../avr/lib/avr4/libm.a(addsf3.o)
                0x0000000000000612                __subsf3
                0x0000000000000614                __addsf3
 .text.avr-libc.fplib
                0x000000000000061c       0xc0 /usr/lib/gcc/avr/4.8.2/../../../avr/lib/avr4/libm.a(addsf3x.o)
                0x0000000000000636                __addsf3x
 .text.avr-libc.fplib
                0x00000000000006dc        0x8 /usr/lib/gcc/avr/4.8.2/../../../avr/lib/avr4/libm.a(cmpsf2.o)
                0x00000000000006dc                __lesf2
                0x00000000000006dc                __nesf2
                0x00000000000006dc                __eqsf2
                0x00000000000006dc                __cmpsf2
                0x00000000000006dc                __ltsf2
 .text.avr-libc.fplib
                0x00000000000006e4        0x4 /usr/lib/gcc/avr/4.8.2/../../../avr/lib/avr4/libm.a(divsf3.o)
                0x00000000000006e4                __divsf3
 .text.avr-libc.fplib
                0x00000000000006e8       0xcc /usr/lib/gcc/avr/4.8.2/../../../avr/lib/avr4/libm.a(divsf3x.o)
                0x00000000000006fe                __divsf3x
                0x0000000000000702                __divsf3_pse
 .text.avr-libc.fplib
                0x00000000000007b4       0x58 /usr/lib/gcc/avr/4.8.2/../../../avr/lib/avr4/libm.a(fixunssfsi.o)
                0x00000000000007b4                __fixunssfsi
 .text.avr-libc.fplib
                0x000000000000080c       0x7a /usr/lib/gcc/avr/4.8.2/../../../avr/lib/avr4/libm.a(floatsisf.o)
                0x000000000000080c                __floatunsisf
                0x0000000000000810                __floatsisf
 .text.avr-libc.fplib
                0x0000000000000886       0x48 /usr/lib/gcc/avr/4.8.2/../../../avr/lib/avr4/libm.a(fp_cmp.o)
                0x0000000000000886                __fp_cmp
 .text.avr-libc.fplib
                0x00000000000008ce        0xc /usr/lib/gcc/avr/4.8.2/../../../avr/lib/avr4/libm.a(fp_inf.o)
                0x00000000000008ce                __fp_inf
 .text.avr-libc.fplib
                0x00000000000008da        0x6 /usr/lib/gcc/avr/4.8.2/../../../avr/lib/avr4/libm.a(fp_nan.o)
                0x00000000000008da                __fp_nan
 .text.avr-libc.fplib
                0x00000000000008e0        0xe /usr/lib/gcc/avr/4.8.2/../../../avr/lib/avr4/libm.a(fp_pscA.o)
                0x00000000000008e0                __fp_pscA
 .text.avr-libc.fplib
                0x00000000000008ee        0xe /usr/lib/gcc/avr/4.8.2/../../../avr/lib/avr4/libm.a(fp_pscB.o)
                0x00000000000008ee                __fp_pscB
 .text.avr-libc.fplib
                0x00000000000008fc       0x22 /usr/lib/gcc/avr/4.8.2/../../../avr/lib/avr4/libm.a(fp_round.o)
                0x00000000000008fc                __fp_round
 .text.avr-libc.fplib
                0x000000000000091e       0x44 /usr/lib/gcc/avr/4.8.2/../../../avr/lib/avr4/libm.a(fp_split3.o)
                0x000000000000091e                __fp_split3
                0x000000000000092e                __fp_splitA
 .text.avr-libc.fplib
                0x0000000000000962        0xe /usr/lib/gcc/avr/4.8.2/../../../avr/lib/avr4/libm.a(fp_zero.o)
                0x0000000000000962                __fp_zero
                0x0000000000000964                __fp_szero
 .text.avr-libc.fplib
                0x0000000000000970        0x8 /usr/lib/gcc/avr/4.8.2/../../../avr/lib/avr4/libm.a(gesf2.o)
                0x0000000000000970                __gtsf2
                0x0000000000000970                __gesf2
 .text.avr-libc.fplib
                0x0000000000000978        0x4 /usr/lib/gcc/avr/4.8.2/../../../avr/lib/avr4/libm.a(mulsf3.o)
                0x0000000000000978                __mulsf3
 .text.avr-libc.fplib
                0x000000000000097c       0xc2 /usr/lib/gcc/avr/4.8.2/../../../avr/lib/avr4/libm.a(mulsf3x.o)
                0x0000000000000990                __mulsf3x
                0x0000000000000994                __mulsf3_pse
                0x0000000000000a3e                . = ALIGN (0x2)
 *(.fini9)
 .fini9         0x0000000000000a3e        0x0 /usr/lib/gcc/avr/4.8.2/avr4/libgcc.a(_exit.o)
                0x0000000000000a3e                exit
                0x0000000000000a3e                _exit
 *(.fini9)
 *(.fini8)
 *(.fini8)
 *(.fini7)
 *(.fini7)
 *(.fini6)
 *(.fini6)
 *(.fini5)
 *(.fini5)
 *(.fini4)
 *(.fini4)
 *(.fini3)
 *(.fini3)
 *(.fini2)
 *(.fini2)
 *(.fini1)
 *(.fini1)
 *(.fini0)
 .fini0         0x0000000000000a3e        0x4 /usr/lib/gcc/avr/4.8.2/avr4/libgcc.a(_exit.o)
 *(.fini0)
                0x0000000000000a42                _etext = .

.data           0x0000000000800060        0xc load address 0x0000000000000a42
                0x0000000000800060                PROVIDE (__data_start, .)
 *(.data)
 .data          0x0000000000800060        0x0 /usr/lib/gcc/avr/4.8.2/../../../avr/lib/avr4/crtm8.o
 .data          0x0000000000800060        0x0 ./UART.o
 .data          0x0000000000800060        0x0 ./action.o
 .data          0x0000000000800060        0x0 ./main.o
 .data          0x0000000000800060        0x0 ./timers.o
 .data          0x0000000000800060        0x0 /usr/lib/gcc/avr/4.8.2/avr4/libgcc.a(_exit.o)
 .data          0x0000000000800060        0x0 /usr/lib/gcc/avr/4.8.2/avr4/libgcc.a(_copy_data.o)
 .data          0x0000000000800060        0x0 /usr/lib/gcc/avr/4.8.2/avr4/libgcc.a(_clear_bss.o)
 .data          0x0000000000800060        0x0 /usr/lib/gcc/avr/4.8.2/../../../avr/lib/avr4/libm.a(addsf3.o)
 .data          0x0000000000800060        0x0 /usr/lib/gcc/avr/4.8.2/../../../avr/lib/avr4/libm.a(addsf3x.o)
 .data          0x0000000000800060        0x0 /usr/lib/gcc/avr/4.8.2/../../../avr/lib/avr4/libm.a(cmpsf2.o)
 .data          0x0000000000800060        0x0 /usr/lib/gcc/avr/4.8.2/../../../avr/lib/avr4/libm.a(divsf3.o)
 .data          0x0000000000800060        0x0 /usr/lib/gcc/avr/4.8.2/../../../avr/lib/avr4/libm.a(divsf3x.o)
 .data          0x0000000000800060        0x0 /usr/lib/gcc/avr/4.8.2/../../../avr/lib/avr4/libm.a(fixunssfsi.o)
 .data          0x0000000000800060        0x0 /usr/lib/gcc/avr/4.8.2/../../../avr/lib/avr4/libm.a(floatsisf.o)
 .data          0x0000000000800060        0x0 /usr/lib/gcc/avr/4.8.2/../../../avr/lib/avr4/libm.a(fp_cmp.o)
 .data          0x0000000000800060        0x0 /usr/lib/gcc/avr/4.8.2/../../../avr/lib/avr4/libm.a(fp_inf.o)
 .data          0x0000000000800060        0x0 /usr/lib/gcc/avr/4.8.2/../../../avr/lib/avr4/libm.a(fp_nan.o)
 .data          0x0000000000800060        0x0 /usr/lib/gcc/avr/4.8.2/../../../avr/lib/avr4/libm.a(fp_pscA.o)
 .data          0x0000000000800060        0x0 /usr/lib/gcc/avr/4.8.2/../../../avr/lib/avr4/libm.a(fp_pscB.o)
 .data          0x0000000000800060        0x0 /usr/lib/gcc/avr/4.8.2/../../../avr/lib/avr4/libm.a(fp_round.o)
 .data          0x0000000000800060        0x0 /usr/lib/gcc/avr/4.8.2/../../../avr/lib/avr4/libm.a(fp_split3.o)
 .data          0x0000000000800060        0x0 /usr/lib/gcc/avr/4.8.2/../../../avr/lib/avr4/libm.a(fp_zero.o)
 .data          0x0000000000800060        0x0 /usr/lib/gcc/avr/4.8.2/../../../avr/lib/avr4/libm.a(gesf2.o)
 .data          0x0000000000800060        0x0 /usr/lib/gcc/avr/4.8.2/../../../avr/lib/avr4/libm.a(mulsf3.o)
 .data          0x0000000000800060        0x0 /usr/lib/gcc/avr/4.8.2/../../../avr/lib/avr4/libm.a(mulsf3x.o)
 *(.data*)
 *(.rodata)
 .rodata        0x0000000000800060        0xb ./action.o
 *(.rodata*)
 *(.gnu.linkonce.d*)
                0x000000000080006c                . = ALIGN (0x2)
 *fill*         0x000000000080006b        0x1 
                0x000000000080006c                _edata = .
                0x000000000080006c                PROVIDE (__data_end, .)

.bss            0x000000000080006c       0x87
                0x000000000080006c                PROVIDE (__bss_start, .)
 *(.bss)
 .bss           0x000000000080006c        0x0 /usr/lib/gcc/avr/4.8.2/../../../avr/lib/avr4/crtm8.o
 .bss           0x000000000080006c        0x0 ./UART.o
 .bss           0x000000000080006c        0x0 ./action.o
 .bss           0x000000000080006c        0x0 ./main.o
 .bss           0x000000000080006c        0x0 ./timers.o
 .bss           0x000000000080006c        0x0 /usr/lib/gcc/avr/4.8.2/avr4/libgcc.a(_exit.o)
 .bss           0x000000000080006c        0x0 /usr/lib/gcc/avr/4.8.2/avr4/libgcc.a(_copy_data.o)
 .bss           0x000000000080006c        0x0 /usr/lib/gcc/avr/4.8.2/avr4/libgcc.a(_clear_bss.o)
 .bss           0x000000000080006c        0x0 /usr/lib/gcc/avr/4.8.2/../../../avr/lib/avr4/libm.a(addsf3.o)
 .bss           0x000000000080006c        0x0 /usr/lib/gcc/avr/4.8.2/../../../avr/lib/avr4/libm.a(addsf3x.o)
 .bss           0x000000000080006c        0x0 /usr/lib/gcc/avr/4.8.2/../../../avr/lib/avr4/libm.a(cmpsf2.o)
 .bss           0x000000000080006c        0x0 /usr/lib/gcc/avr/4.8.2/../../../avr/lib/avr4/libm.a(divsf3.o)
 .bss           0x000000000080006c        0x0 /usr/lib/gcc/avr/4.8.2/../../../avr/lib/avr4/libm.a(divsf3x.o)
 .bss           0x000000000080006c        0x0 /usr/lib/gcc/avr/4.8.2/../../../avr/lib/avr4/libm.a(fixunssfsi.o)
 .bss           0x000000000080006c        0x0 /usr/lib/gcc/avr/4.8.2/../../../avr/lib/avr4/libm.a(floatsisf.o)
 .bss           0x000000000080006c        0x0 /usr/lib/gcc/avr/4.8.2/../../../avr/lib/avr4/libm.a(fp_cmp.o)
 .bss           0x000000000080006c        0x0 /usr/lib/gcc/avr/4.8.2/../../../avr/lib/avr4/libm.a(fp_inf.o)
 .bss           0x000000000080006c        0x0 /usr/lib/gcc/avr/4.8.2/../../../avr/lib/avr4/libm.a(fp_nan.o)
 .bss           0x000000000080006c        0x0 /usr/lib/gcc/avr/4.8.2/../../../avr/lib/avr4/libm.a(fp_pscA.o)
 .bss           0x000000000080006c        0x0 /usr/lib/gcc/avr/4.8.2/../../../avr/lib/avr4/libm.a(fp_pscB.o)
 .bss           0x000000000080006c        0x0 /usr/lib/gcc/avr/4.8.2/../../../avr/lib/avr4/libm.a(fp_round.o)
 .bss           0x000000000080006c        0x0 /usr/lib/gcc/avr/4.8.2/../../../avr/lib/avr4/libm.a(fp_split3.o)
 .bss           0x000000000080006c        0x0 /usr/lib/gcc/avr/4.8.2/../../../avr/lib/avr4/libm.a(fp_zero.o)
 .bss           0x000000000080006c        0x0 /usr/lib/gcc/avr/4.8.2/../../../avr/lib/avr4/libm.a(gesf2.o)
 .bss           0x000000000080006c        0x0 /usr/lib/gcc/avr/4.8.2/../../../avr/lib/avr4/libm.a(mulsf3.o)
 .bss           0x000000000080006c        0x0 /usr/lib/gcc/avr/4.8.2/../../../avr/lib/avr4/libm.a(mulsf3x.o)
 *(.bss*)
 .bss.tx_buffer
                0x000000000080006c       0x40 ./UART.o
 .bss.tx_wr_index
                0x00000000008000ac        0x1 ./UART.o
 .bss.tx_counter
                0x00000000008000ad        0x1 ./UART.o
 .bss.tx_rd_index
                0x00000000008000ae        0x1 ./UART.o
 .bss.rx_buffer
                0x00000000008000af       0x40 ./UART.o
 .bss.rx_wr_index
                0x00000000008000ef        0x1 ./UART.o
 .bss.rx_counter
                0x00000000008000f0        0x1 ./UART.o
 .bss.rx_rd_index
                0x00000000008000f1        0x1 ./UART.o
 *(COMMON)
 COMMON         0x00000000008000f2        0x1 ./UART.o
                0x00000000008000f2                temp
                0x00000000008000f3                PROVIDE (__bss_end, .)
                0x0000000000000a42                __data_load_start = LOADADDR (.data)
                0x0000000000000a4e                __data_load_end = (__data_load_start + SIZEOF (.data))

.noinit         0x00000000008000f3        0x0
                0x00000000008000f3                PROVIDE (__noinit_start, .)
 *(.noinit*)
                0x00000000008000f3                PROVIDE (__noinit_end, .)
                0x00000000008000f3                _end = .
                0x00000000008000f3                PROVIDE (__heap_start, .)

.eeprom         0x0000000000810000        0x0
 *(.eeprom*)
                0x0000000000810000                __eeprom_end = .

.fuse
 *(.fuse)
 *(.lfuse)
 *(.hfuse)
 *(.efuse)

.lock
 *(.lock*)

.signature
 *(.signature*)

.user_signatures
 *(.user_signatures*)

.stab           0x0000000000000000     0x3714
 *(.stab)
 .stab          0x0000000000000000      0x6cc /usr/lib/gcc/avr/4.8.2/../../../avr/lib/avr4/crtm8.o
 .stab          0x00000000000006cc      0x84c ./UART.o
                                        0x858 (size before relaxing)
 .stab          0x0000000000000f18      0x4e0 ./action.o
                                        0x6b4 (size before relaxing)
 .stab          0x00000000000013f8      0x2e8 ./main.o
                                        0x4bc (size before relaxing)
 .stab          0x00000000000016e0      0x324 ./timers.o
                                        0x4f8 (size before relaxing)
 .stab          0x0000000000001a04       0x78 /usr/lib/gcc/avr/4.8.2/../../../avr/lib/avr4/libm.a(addsf3.o)
                                         0x84 (size before relaxing)
 .stab          0x0000000000001a7c      0x4bc /usr/lib/gcc/avr/4.8.2/../../../avr/lib/avr4/libm.a(addsf3x.o)
                                        0x4c8 (size before relaxing)
 .stab          0x0000000000001f38       0x90 /usr/lib/gcc/avr/4.8.2/../../../avr/lib/avr4/libm.a(cmpsf2.o)
                                         0x9c (size before relaxing)
 .stab          0x0000000000001fc8       0x48 /usr/lib/gcc/avr/4.8.2/../../../avr/lib/avr4/libm.a(divsf3.o)
                                         0x54 (size before relaxing)
 .stab          0x0000000000002010      0x510 /usr/lib/gcc/avr/4.8.2/../../../avr/lib/avr4/libm.a(divsf3x.o)
                                        0x51c (size before relaxing)
 .stab          0x0000000000002520      0x240 /usr/lib/gcc/avr/4.8.2/../../../avr/lib/avr4/libm.a(fixunssfsi.o)
                                        0x24c (size before relaxing)
 .stab          0x0000000000002760      0x318 /usr/lib/gcc/avr/4.8.2/../../../avr/lib/avr4/libm.a(floatsisf.o)
                                        0x324 (size before relaxing)
 .stab          0x0000000000002a78      0x1e0 /usr/lib/gcc/avr/4.8.2/../../../avr/lib/avr4/libm.a(fp_cmp.o)
                                        0x1ec (size before relaxing)
 .stab          0x0000000000002c58       0x78 /usr/lib/gcc/avr/4.8.2/../../../avr/lib/avr4/libm.a(fp_inf.o)
                                         0x84 (size before relaxing)
 .stab          0x0000000000002cd0       0x54 /usr/lib/gcc/avr/4.8.2/../../../avr/lib/avr4/libm.a(fp_nan.o)
                                         0x60 (size before relaxing)
 .stab          0x0000000000002d24       0x84 /usr/lib/gcc/avr/4.8.2/../../../avr/lib/avr4/libm.a(fp_pscA.o)
                                         0x90 (size before relaxing)
 .stab          0x0000000000002da8       0x84 /usr/lib/gcc/avr/4.8.2/../../../avr/lib/avr4/libm.a(fp_pscB.o)
                                         0x90 (size before relaxing)
 .stab          0x0000000000002e2c       0xfc /usr/lib/gcc/avr/4.8.2/../../../avr/lib/avr4/libm.a(fp_round.o)
                                        0x108 (size before relaxing)
 .stab          0x0000000000002f28      0x1d4 /usr/lib/gcc/avr/4.8.2/../../../avr/lib/avr4/libm.a(fp_split3.o)
                                        0x1e0 (size before relaxing)
 .stab          0x00000000000030fc       0x90 /usr/lib/gcc/avr/4.8.2/../../../avr/lib/avr4/libm.a(fp_zero.o)
                                         0x9c (size before relaxing)
 .stab          0x000000000000318c       0x6c /usr/lib/gcc/avr/4.8.2/../../../avr/lib/avr4/libm.a(gesf2.o)
                                         0x78 (size before relaxing)
 .stab          0x00000000000031f8       0x48 /usr/lib/gcc/avr/4.8.2/../../../avr/lib/avr4/libm.a(mulsf3.o)
                                         0x54 (size before relaxing)
 .stab          0x0000000000003240      0x4d4 /usr/lib/gcc/avr/4.8.2/../../../avr/lib/avr4/libm.a(mulsf3x.o)
                                        0x4e0 (size before relaxing)

.stabstr        0x0000000000000000     0x1110
 *(.stabstr)
 .stabstr       0x0000000000000000     0x1110 /usr/lib/gcc/avr/4.8.2/../../../avr/lib/avr4/crtm8.o

.stab.excl
 *(.stab.excl)

.stab.exclstr
 *(.stab.exclstr)

.stab.index
 *(.stab.index)

.stab.indexstr
 *(.stab.indexstr)

.comment        0x0000000000000000       0x11
 *(.comment)
 .comment       0x0000000000000000       0x11 ./UART.o
                                         0x12 (size before relaxing)
 .comment       0x0000000000000000       0x12 ./action.o
 .comment       0x0000000000000000       0x12 ./main.o
 .comment       0x0000000000000000       0x12 ./timers.o

.debug
 *(.debug)

.line
 *(.line)

.debug_srcinfo
 *(.debug_srcinfo)

.debug_sfnames
 *(.debug_sfnames)

.debug_aranges
 *(.debug_aranges)

.debug_pubnames
 *(.debug_pubnames)

.debug_info
 *(.debug_info)
 *(.gnu.linkonce.wi.*)

.debug_abbrev
 *(.debug_abbrev)

.debug_line
 *(.debug_line)

.debug_frame
 *(.debug_frame)

.debug_str
 *(.debug_str)

.debug_loc
 *(.debug_loc)

.debug_macinfo
 *(.debug_macinfo)

.debug_pubtypes
 *(.debug_pubtypes)

.debug_ranges
 *(.debug_ranges)

.debug_macro
 *(.debug_macro)
OUTPUT(BlueModuleATmega8.elf elf32-avr)
LOAD linker stubs
